// Jest Snapshot v1, https://goo.gl/fbAQLP

exports[`blog item author renders correctly 1`] = `
<span
  className="sc-bdfBwQ kGqeyI"
>
  <a
    className="sc-gsTCUz hSRWHd"
    href="https://google.com"
  >
    tmp
  </a>
</span>
`;
