// Jest Snapshot v1, https://goo.gl/fbAQLP

exports[`discrete text link renders correctly 1`] = `
<h2
  className="sc-bdfBwQ kEZLmx"
>
  test
</h2>
`;
