// Jest Snapshot v1, https://goo.gl/fbAQLP

exports[`discrete text link renders correctly 1`] = `
<article
  className="sc-bdfBwQ loWCfB"
>
  content
</article>
`;
